<html>
<body>
<pre>
<h1>µVision Build Log</h1>
<h2>Project:</h2>
F:\Electronic\Projects\Under Work\MRL Monitoring Board\Monitoring System\Software\V1.01\Monitoring.uvproj
Project File Date:  02/26/2011

<h2>Output:</h2>
Build target 'Monitornig'
assembling LPC2300.s...
compiling Main.c...
initialization.h(11): error:  #5: cannot open source input file "File_Config.h": No such file or directory
initialization.h:   #include "File_Config.h"
initialization.h:                           ^
initialization.h: Main.c: 0 warnings, 1 error
compiling Tab.c...
initialization.h(11): error:  #5: cannot open source input file "File_Config.h": No such file or directory
initialization.h:   #include "File_Config.h"
initialization.h:                           ^
initialization.h: Tab.c: 0 warnings, 1 error
compiling CAN.c...
compiling Getline.c...
Getline.c(14): error:  #5: cannot open source input file "SD_File.h": No such file or directory
Getline.c:   #include "SD_File.h"
Getline.c:                       ^
Getline.c: Getline.c: 0 warnings, 1 error
compiling initialization.c...
initialization.h(11): error:  #5: cannot open source input file "File_Config.h": No such file or directory
initialization.h:   #include "File_Config.h"
initialization.h:                           ^
initialization.h: initialization.c: 0 warnings, 1 error
compiling KS0108.c...
compiling KS0108-LPC.c...
compiling Retarget.c...
Retarget.c(16): error:  #5: cannot open source input file "File_Config.h": No such file or directory
Retarget.c:   #include <File_Config.h>
Retarget.c:                           ^
Retarget.c: Retarget.c: 0 warnings, 1 error
compiling Serial.c...
compiling spi_lpc23xx_v1_01.c...
spi_lpc23xx_v1_01.c(1): error:  #5: cannot open source input file "app_config.h": No such file or directory
spi_lpc23xx_v1_01.c:   #include "app_config.h"
spi_lpc23xx_v1_01.c:                          ^
spi_lpc23xx_v1_01.c: spi_lpc23xx_v1_01.c: 0 warnings, 1 error
compiling tc_ad7843_v1_00.c...
tc_ad7843_v1_00.c(1): error:  #5: cannot open source input file "app_config.h": No such file or directory
tc_ad7843_v1_00.c:   #include "app_config.h"
tc_ad7843_v1_00.c:                          ^
tc_ad7843_v1_00.c: tc_ad7843_v1_00.c: 0 warnings, 1 error
Target not created
Build target 'Monitornig'
assembling LPC2300.s...
compiling Main.c...
initialization.h(17): error:  #5: cannot open source input file "app_config.h": No such file or directory
initialization.h:   #include "app_config.h"
initialization.h:                          ^
initialization.h: Main.c: 0 warnings, 1 error
compiling Tab.c...
initialization.h(17): error:  #5: cannot open source input file "app_config.h": No such file or directory
initialization.h:   #include "app_config.h"
initialization.h:                          ^
initialization.h: Tab.c: 0 warnings, 1 error
compiling CAN.c...
compiling Getline.c...
Getline.c(14): error:  #5: cannot open source input file "SD_File.h": No such file or directory
Getline.c:   #include "SD_File.h"
Getline.c:                       ^
Getline.c: Getline.c: 0 warnings, 1 error
compiling initialization.c...
initialization.h(17): error:  #5: cannot open source input file "app_config.h": No such file or directory
initialization.h:   #include "app_config.h"
initialization.h:                          ^
initialization.h: initialization.c: 0 warnings, 1 error
compiling KS0108.c...
compiling KS0108-LPC.c...
compiling Retarget.c...
Retarget.c(16): error:  #5: cannot open source input file "File_Config.h": No such file or directory
Retarget.c:   #include <File_Config.h>
Retarget.c:                           ^
Retarget.c: Retarget.c: 0 warnings, 1 error
compiling Serial.c...
compiling spi_lpc23xx_v1_01.c...
spi_lpc23xx_v1_01.c(1): error:  #5: cannot open source input file "app_config.h": No such file or directory
spi_lpc23xx_v1_01.c:   #include "app_config.h"
spi_lpc23xx_v1_01.c:                          ^
spi_lpc23xx_v1_01.c: spi_lpc23xx_v1_01.c: 0 warnings, 1 error
compiling tc_ad7843_v1_00.c...
tc_ad7843_v1_00.c(1): error:  #5: cannot open source input file "app_config.h": No such file or directory
tc_ad7843_v1_00.c:   #include "app_config.h"
tc_ad7843_v1_00.c:                          ^
tc_ad7843_v1_00.c: tc_ad7843_v1_00.c: 0 warnings, 1 error
Target not created
Build target 'Monitornig'
assembling LPC2300.s...
compiling Main.c...
compiling Tab.c...
Tab.c(251): warning:  #177-D: variable "b" was declared but never referenced
Tab.c:   char b[20];
Tab.c:        ^
Tab.c(253): warning:  #177-D: variable "flag" was declared but never referenced
Tab.c:   int flag;
Tab.c:       ^
Tab.c(425): warning:  #940-D: missing return statement at end of non-void function "Button"
Tab.c:   }
Tab.c:   ^
Tab.c(303): warning:  #177-D: variable "flag" was declared but never referenced
Tab.c:   int flag;
Tab.c:       ^
Tab.c: Tab.c: 4 warnings, 0 errors
compiling CAN.c...
compiling Getline.c...
Getline.c(14): error:  #5: cannot open source input file "SD_File.h": No such file or directory
Getline.c:   #include "SD_File.h"
Getline.c:                       ^
Getline.c: Getline.c: 0 warnings, 1 error
compiling initialization.c...
compiling KS0108.c...
compiling KS0108-LPC.c...
compiling Retarget.c...
Retarget.c(16): error:  #5: cannot open source input file "File_Config.h": No such file or directory
Retarget.c:   #include <File_Config.h>
Retarget.c:                           ^
Retarget.c: Retarget.c: 0 warnings, 1 error
compiling Serial.c...
compiling spi_lpc23xx_v1_01.c...
compiling tc_ad7843_v1_00.c...
Target not created
Build target 'Monitornig'
assembling LPC2300.s...
compiling Main.c...
compiling Tab.c...
Tab.c(251): warning:  #177-D: variable "b" was declared but never referenced
Tab.c:   char b[20];
Tab.c:        ^
Tab.c(253): warning:  #177-D: variable "flag" was declared but never referenced
Tab.c:   int flag;
Tab.c:       ^
Tab.c(425): warning:  #940-D: missing return statement at end of non-void function "Button"
Tab.c:   }
Tab.c:   ^
Tab.c(303): warning:  #177-D: variable "flag" was declared but never referenced
Tab.c:   int flag;
Tab.c:       ^
Tab.c: Tab.c: 4 warnings, 0 errors
compiling CAN.c...
compiling Getline.c...
Getline.c(14): error:  #5: cannot open source input file "SD_File.h": No such file or directory
Getline.c:   #include "SD_File.h"
Getline.c:                       ^
Getline.c: Getline.c: 0 warnings, 1 error
compiling initialization.c...
compiling KS0108.c...
compiling KS0108-LPC.c...
compiling Retarget.c...
Retarget.c(64): warning:  #223-D: function "__fopen" declared implicitly
Retarget.c:      return (__fopen (name, openmode));
Retarget.c:              ^
Retarget.c(73): warning:  #223-D: function "__fclose" declared implicitly
Retarget.c:      return (__fclose (fh));
Retarget.c:              ^
Retarget.c(78): error:  #20: identifier "U8" is undefined
Retarget.c:   int _sys_write (FILEHANDLE fh, const U8 *buf, U32 len, int mode) {
Retarget.c:                                        ^
Retarget.c(78): error:  #20: identifier "U32" is undefined
Retarget.c:   int _sys_write (FILEHANDLE fh, const U8 *buf, U32 len, int mode) {
Retarget.c:                                                 ^
Retarget.c(91): warning:  #223-D: function "__write" declared implicitly
Retarget.c:      return (__write (fh, buf, len));
Retarget.c:              ^
Retarget.c(96): error:  #20: identifier "U8" is undefined
Retarget.c:   int _sys_read (FILEHANDLE fh, U8 *buf, U32 len, int mode) {
Retarget.c:                                 ^
Retarget.c(96): error:  #20: identifier "U32" is undefined
Retarget.c:   int _sys_read (FILEHANDLE fh, U8 *buf, U32 len, int mode) {
Retarget.c:                                          ^
Retarget.c(109): warning:  #223-D: function "__read" declared implicitly
Retarget.c:      return (__read (fh, buf, len));
Retarget.c:              ^
Retarget.c(127): warning:  #223-D: function "__setfpos" declared implicitly
Retarget.c:      return (__setfpos (fh, pos));
Retarget.c:              ^
Retarget.c(136): warning:  #223-D: function "__flushbuf" declared implicitly
Retarget.c:      return (__flushbuf (fh));
Retarget.c:              ^
Retarget.c(145): warning:  #223-D: function "__get_flen" declared implicitly
Retarget.c:      return (__get_flen (fh));
Retarget.c:              ^
Retarget.c: Retarget.c: 7 warnings, 4 errors
compiling Serial.c...
compiling spi_lpc23xx_v1_01.c...
compiling tc_ad7843_v1_00.c...
Target not created
Build target 'Monitornig'
assembling LPC2300.s...
compiling Main.c...
compiling Tab.c...
Tab.c(251): warning:  #177-D: variable "b" was declared but never referenced
Tab.c:   char b[20];
Tab.c:        ^
Tab.c(253): warning:  #177-D: variable "flag" was declared but never referenced
Tab.c:   int flag;
Tab.c:       ^
Tab.c(425): warning:  #940-D: missing return statement at end of non-void function "Button"
Tab.c:   }
Tab.c:   ^
Tab.c(303): warning:  #177-D: variable "flag" was declared but never referenced
Tab.c:   int flag;
Tab.c:       ^
Tab.c: Tab.c: 4 warnings, 0 errors
compiling CAN.c...
compiling Getline.c...
Getline.c(14): error:  #5: cannot open source input file "SD_File.h": No such file or directory
Getline.c:   #include "SD_File.h"
Getline.c:                       ^
Getline.c: Getline.c: 0 warnings, 1 error
compiling initialization.c...
compiling KS0108.c...
compiling KS0108-LPC.c...
compiling spi_lpc23xx_v1_01.c...
compiling tc_ad7843_v1_00.c...
Target not created
Build target 'Monitornig'
assembling LPC2300.s...
compiling Main.c...
compiling Tab.c...
Tab.c(251): warning:  #177-D: variable "b" was declared but never referenced
Tab.c:   char b[20];
Tab.c:        ^
Tab.c(253): warning:  #177-D: variable "flag" was declared but never referenced
Tab.c:   int flag;
Tab.c:       ^
Tab.c(425): warning:  #940-D: missing return statement at end of non-void function "Button"
Tab.c:   }
Tab.c:   ^
Tab.c(303): warning:  #177-D: variable "flag" was declared but never referenced
Tab.c:   int flag;
Tab.c:       ^
Tab.c: Tab.c: 4 warnings, 0 errors
compiling CAN.c...
compiling Getline.c...
Getline.c(24): warning:  #223-D: function "getkey" declared implicitly
Getline.c:         c = getkey ();
Getline.c:             ^
Getline.c(26): error:  #20: identifier "CNTLQ" is undefined
Getline.c:            case CNTLQ:                       /* ignore Control S/Q             */
Getline.c:                 ^
Getline.c(27): error:  #20: identifier "CNTLS" is undefined
Getline.c:            case CNTLS:
Getline.c:                 ^
Getline.c(29): error:  #20: identifier "BACKSPACE" is undefined
Getline.c:            case BACKSPACE:
Getline.c:                 ^
Getline.c(30): error:  #20: identifier "DEL" is undefined
Getline.c:            case DEL:
Getline.c:                 ^
Getline.c(41): error:  #20: identifier "ESC" is undefined
Getline.c:            case ESC:
Getline.c:                 ^
Getline.c(44): error:  #20: identifier "CR" is undefined
Getline.c:            case CR:                          /* CR - done, stop editing line   */
Getline.c:                 ^
Getline.c(48): error:  #20: identifier "LF" is undefined
Getline.c:               c = LF;
Getline.c:                   ^
Getline.c(56): error:  #20: identifier "LF" is undefined
Getline.c:      } while (cnt < n - 2  &&  c != LF);     /* check limit and CR             */
Getline.c:                                     ^
Getline.c: Getline.c: 1 warning, 8 errors
compiling initialization.c...
compiling KS0108.c...
compiling KS0108-LPC.c...
compiling spi_lpc23xx_v1_01.c...
compiling tc_ad7843_v1_00.c...
Target not created
Build target 'Monitornig'
assembling LPC2300.s...
compiling Main.c...
compiling Tab.c...
Tab.c(251): warning:  #177-D: variable "b" was declared but never referenced
Tab.c:   char b[20];
Tab.c:        ^
Tab.c(253): warning:  #177-D: variable "flag" was declared but never referenced
Tab.c:   int flag;
Tab.c:       ^
Tab.c(425): warning:  #940-D: missing return statement at end of non-void function "Button"
Tab.c:   }
Tab.c:   ^
Tab.c(303): warning:  #177-D: variable "flag" was declared but never referenced
Tab.c:   int flag;
Tab.c:       ^
Tab.c: Tab.c: 4 warnings, 0 errors
compiling CAN.c...
compiling initialization.c...
compiling KS0108.c...
compiling KS0108-LPC.c...
compiling spi_lpc23xx_v1_01.c...
compiling tc_ad7843_v1_00.c...
linking...
.\Obj\Monitoring.axf: Error: L6218E: Undefined symbol finit (referred from initialization.o).
.\Obj\Monitoring.axf: Not enough information to list image symbols.
.\Obj\Monitoring.axf: Finished: 1 information, 0 warning and 1 error messages.
Target not created
Build target 'Monitornig'
assembling LPC2300.s...
compiling Main.c...
Main.c(11): error:  #20: identifier "BOOL" is undefined
Main.c:     BOOL append=0;
Main.c:     ^
Main.c(13): error:  #20: identifier "U32" is undefined
Main.c:     U32 TimeTemp;
Main.c:     ^
Main.c: Main.c: 0 warnings, 2 errors
compiling Tab.c...
Tab.c(251): warning:  #177-D: variable "b" was declared but never referenced
Tab.c:   char b[20];
Tab.c:        ^
Tab.c(253): warning:  #177-D: variable "flag" was declared but never referenced
Tab.c:   int flag;
Tab.c:       ^
Tab.c(425): warning:  #940-D: missing return statement at end of non-void function "Button"
Tab.c:   }
Tab.c:   ^
Tab.c(303): warning:  #177-D: variable "flag" was declared but never referenced
Tab.c:   int flag;
Tab.c:       ^
Tab.c: Tab.c: 4 warnings, 0 errors
compiling CAN.c...
compiling initialization.c...
initialization.c(19): error:  #20: identifier "U32" is undefined
initialization.c:      U32 i; 
initialization.c:      ^
initialization.c(21): warning:  #223-D: function "finit" declared implicitly
initialization.c:    while (finit() != 0)
initialization.c:           ^
initialization.c: initialization.c: 1 warning, 1 error
compiling KS0108.c...
compiling KS0108-LPC.c...
compiling spi_lpc23xx_v1_01.c...
compiling tc_ad7843_v1_00.c...
Target not created
Build target 'Monitornig'
assembling LPC2300.s...
compiling Main.c...
Main.c(11): error:  #20: identifier "BOOL" is undefined
Main.c:     BOOL append=0;
Main.c:     ^
Main.c(13): error:  #20: identifier "U32" is undefined
Main.c:     U32 TimeTemp;
Main.c:     ^
Main.c: Main.c: 0 warnings, 2 errors
compiling Tab.c...
Tab.c(251): warning:  #177-D: variable "b" was declared but never referenced
Tab.c:   char b[20];
Tab.c:        ^
Tab.c(253): warning:  #177-D: variable "flag" was declared but never referenced
Tab.c:   int flag;
Tab.c:       ^
Tab.c(425): warning:  #940-D: missing return statement at end of non-void function "Button"
Tab.c:   }
Tab.c:   ^
Tab.c(303): warning:  #177-D: variable "flag" was declared but never referenced
Tab.c:   int flag;
Tab.c:       ^
Tab.c: Tab.c: 4 warnings, 0 errors
compiling CAN.c...
compiling initialization.c...
initialization.c(21): warning:  #223-D: function "finit" declared implicitly
initialization.c:    while (finit() != 0)
initialization.c:           ^
initialization.c: initialization.c: 1 warning, 0 errors
compiling KS0108.c...
compiling KS0108-LPC.c...
compiling spi_lpc23xx_v1_01.c...
compiling tc_ad7843_v1_00.c...
Target not created
Build target 'Monitornig'
assembling LPC2300.s...
compiling Main.c...
compiling Tab.c...
Tab.c(251): warning:  #177-D: variable "b" was declared but never referenced
Tab.c:   char b[20];
Tab.c:        ^
Tab.c(253): warning:  #177-D: variable "flag" was declared but never referenced
Tab.c:   int flag;
Tab.c:       ^
Tab.c(425): warning:  #940-D: missing return statement at end of non-void function "Button"
Tab.c:   }
Tab.c:   ^
Tab.c(303): warning:  #177-D: variable "flag" was declared but never referenced
Tab.c:   int flag;
Tab.c:       ^
Tab.c: Tab.c: 4 warnings, 0 errors
compiling CAN.c...
compiling initialization.c...
initialization.c(21): warning:  #223-D: function "finit" declared implicitly
initialization.c:    while (finit() != 0)
initialization.c:           ^
initialization.c: initialization.c: 1 warning, 0 errors
compiling KS0108.c...
compiling KS0108-LPC.c...
compiling spi_lpc23xx_v1_01.c...
compiling tc_ad7843_v1_00.c...
linking...
.\Obj\Monitoring.axf: Error: L6218E: Undefined symbol finit (referred from initialization.o).
.\Obj\Monitoring.axf: Not enough information to list image symbols.
.\Obj\Monitoring.axf: Finished: 1 information, 0 warning and 1 error messages.
Target not created
Build target 'Monitornig'
assembling LPC2300.s...
compiling Main.c...
compiling Tab.c...
Tab.c(251): warning:  #177-D: variable "b" was declared but never referenced
Tab.c:   char b[20];
Tab.c:        ^
Tab.c(253): warning:  #177-D: variable "flag" was declared but never referenced
Tab.c:   int flag;
Tab.c:       ^
Tab.c(425): warning:  #940-D: missing return statement at end of non-void function "Button"
Tab.c:   }
Tab.c:   ^
Tab.c(303): warning:  #177-D: variable "flag" was declared but never referenced
Tab.c:   int flag;
Tab.c:       ^
Tab.c: Tab.c: 4 warnings, 0 errors
compiling CAN.c...
compiling initialization.c...
compiling KS0108.c...
compiling KS0108-LPC.c...
compiling spi_lpc23xx_v1_01.c...
compiling tc_ad7843_v1_00.c...
linking...
Program Size: Code=9856 RO-data=608 RW-data=112 ZI-data=1480  
FromELF: creating hex file...
".\Obj\Monitoring.axf" - 0 Error(s), 4 Warning(s).
Build target 'Monitornig'
assembling LPC2300.s...
compiling Main.c...
compiling Tab.c...
Tab.c(251): warning:  #177-D: variable "b" was declared but never referenced
Tab.c:   char b[20];
Tab.c:        ^
Tab.c(253): warning:  #177-D: variable "flag" was declared but never referenced
Tab.c:   int flag;
Tab.c:       ^
Tab.c(425): warning:  #940-D: missing return statement at end of non-void function "Button"
Tab.c:   }
Tab.c:   ^
Tab.c(303): warning:  #177-D: variable "flag" was declared but never referenced
Tab.c:   int flag;
Tab.c:       ^
Tab.c: Tab.c: 4 warnings, 0 errors
compiling CAN.c...
compiling initialization.c...
compiling KS0108.c...
compiling KS0108-LPC.c...
compiling spi_lpc23xx_v1_01.c...
compiling tc_ad7843_v1_00.c...
linking...
Program Size: Code=9856 RO-data=608 RW-data=112 ZI-data=1480  
FromELF: creating hex file...
".\Obj\Monitoring.axf" - 0 Error(s), 4 Warning(s).
Build target 'Monitornig'
assembling LPC2300.s...
compiling Main.c...
compiling Tab.c...
Tab.c(251): warning:  #177-D: variable "b" was declared but never referenced
Tab.c:   char b[20];
Tab.c:        ^
Tab.c(253): warning:  #177-D: variable "flag" was declared but never referenced
Tab.c:   int flag;
Tab.c:       ^
Tab.c(425): warning:  #940-D: missing return statement at end of non-void function "Button"
Tab.c:   }
Tab.c:   ^
Tab.c(303): warning:  #177-D: variable "flag" was declared but never referenced
Tab.c:   int flag;
Tab.c:       ^
Tab.c: Tab.c: 4 warnings, 0 errors
compiling CAN.c...
compiling initialization.c...
compiling KS0108.c...
compiling KS0108-LPC.c...
compiling spi_lpc23xx_v1_01.c...
compiling tc_ad7843_v1_00.c...
linking...
Program Size: Code=9668 RO-data=608 RW-data=112 ZI-data=1480  
FromELF: creating hex file...
".\Obj\Monitoring.axf" - 0 Error(s), 4 Warning(s).
Build target 'Monitornig'
assembling LPC2300.s...
compiling Main.c...
compiling Tab.c...
Tab.c(251): warning:  #177-D: variable "b" was declared but never referenced
Tab.c:   char b[20];
Tab.c:        ^
Tab.c(253): warning:  #177-D: variable "flag" was declared but never referenced
Tab.c:   int flag;
Tab.c:       ^
Tab.c(303): warning:  #177-D: variable "flag" was declared but never referenced
Tab.c:   int flag;
Tab.c:       ^
Tab.c: Tab.c: 3 warnings, 0 errors
compiling CAN.c...
compiling initialization.c...
compiling KS0108.c...
compiling KS0108-LPC.c...
compiling spi_lpc23xx_v1_01.c...
compiling tc_ad7843_v1_00.c...
linking...
Program Size: Code=9668 RO-data=608 RW-data=112 ZI-data=1480  
FromELF: creating hex file...
".\Obj\Monitoring.axf" - 0 Error(s), 3 Warning(s).
Build target 'Monitornig'
assembling LPC2300.s...
compiling Main.c...
compiling Tab.c...
Tab.c(303): warning:  #177-D: variable "flag" was declared but never referenced
Tab.c:   int flag;
Tab.c:       ^
Tab.c: Tab.c: 1 warning, 0 errors
compiling CAN.c...
compiling initialization.c...
compiling KS0108.c...
compiling KS0108-LPC.c...
compiling spi_lpc23xx_v1_01.c...
compiling tc_ad7843_v1_00.c...
linking...
Program Size: Code=9668 RO-data=608 RW-data=112 ZI-data=1480  
FromELF: creating hex file...
".\Obj\Monitoring.axf" - 0 Error(s), 1 Warning(s).
Build target 'Monitornig'
assembling LPC2300.s...
compiling Main.c...
compiling Tab.c...
compiling CAN.c...
compiling initialization.c...
compiling KS0108.c...
compiling KS0108-LPC.c...
compiling spi_lpc23xx_v1_01.c...
compiling tc_ad7843_v1_00.c...
linking...
Program Size: Code=9668 RO-data=608 RW-data=112 ZI-data=1480  
FromELF: creating hex file...
".\Obj\Monitoring.axf" - 0 Error(s), 0 Warning(s).
Build target 'Monitornig'
assembling LPC2300.s...
compiling Main.c...
compiling Tab.c...
compiling CAN.c...
compiling initialization.c...
compiling KS0108.c...
compiling KS0108-LPC.c...
compiling spi_lpc23xx_v1_01.c...
compiling tc_ad7843_v1_00.c...
linking...
Program Size: Code=9668 RO-data=608 RW-data=112 ZI-data=1480  
FromELF: creating hex file...
".\Obj\Monitoring.axf" - 0 Error(s), 0 Warning(s).
Load "F:\\Electronic\\Projects\\Under Work\\MRL Monitoring Board\\Monitoring System\\Software\\V1.01\\Obj\\Monitoring.AXF" 
Cannot Write to RAM for Flash Algorithms !
Erase Failed!
Build target 'Monitornig'
assembling LPC2300.s...
compiling Main.c...
compiling Tab.c...
compiling CAN.c...
compiling initialization.c...
compiling KS0108.c...
compiling KS0108-LPC.c...
compiling spi_lpc23xx_v1_01.c...
compiling tc_ad7843_v1_00.c...
linking...
Program Size: Code=9668 RO-data=608 RW-data=112 ZI-data=1480  
FromELF: creating hex file...
".\Obj\Monitoring.axf" - 0 Error(s), 0 Warning(s).
Load "F:\\Electronic\\Projects\\Under Work\\MRL Monitoring Board\\Monitoring System\\Software\\V1.01\\Obj\\Monitoring.AXF" 
Erase Done.
Programming Done.
Verify OK.
Build target 'Monitornig'
assembling LPC2300.s...
compiling Main.c...
compiling Tab.c...
compiling CAN.c...
compiling initialization.c...
compiling KS0108.c...
compiling KS0108-LPC.c...
compiling spi_lpc23xx_v1_01.c...
compiling tc_ad7843_v1_00.c...
compiling Delay.c...
linking...
.\Obj\Monitoring.axf: Error: L6200E: Symbol x multiply defined (by delay.o and main.o).
.\Obj\Monitoring.axf: Error: L6200E: Symbol y multiply defined (by delay.o and main.o).
.\Obj\Monitoring.axf: Not enough information to list image symbols.
.\Obj\Monitoring.axf: Not enough information to list the image map.
.\Obj\Monitoring.axf: Finished: 2 information, 0 warning and 2 error messages.
Target not created
Build target 'Monitornig'
assembling LPC2300.s...
compiling Main.c...
compiling Tab.c...
compiling CAN.c...
compiling initialization.c...
compiling KS0108.c...
compiling KS0108-LPC.c...
compiling spi_lpc23xx_v1_01.c...
compiling tc_ad7843_v1_00.c...
compiling Delay.c...
linking...
.\Obj\Monitoring.axf: Error: L6200E: Symbol x multiply defined (by delay.o and main.o).
.\Obj\Monitoring.axf: Error: L6200E: Symbol y multiply defined (by delay.o and main.o).
.\Obj\Monitoring.axf: Not enough information to list image symbols.
.\Obj\Monitoring.axf: Not enough information to list the image map.
.\Obj\Monitoring.axf: Finished: 2 information, 0 warning and 2 error messages.
Target not created
Build target 'Monitornig'
assembling LPC2300.s...
compiling Main.c...
compiling Tab.c...
compiling CAN.c...
compiling initialization.c...
compiling KS0108.c...
compiling KS0108-LPC.c...
compiling spi_lpc23xx_v1_01.c...
compiling tc_ad7843_v1_00.c...
compiling Delay.c...
linking...
Program Size: Code=10056 RO-data=608 RW-data=124 ZI-data=1484  
FromELF: creating hex file...
".\Obj\Monitoring.axf" - 0 Error(s), 0 Warning(s).
Load "F:\\Electronic\\Projects\\Under Work\\MRL Monitoring Board\\Monitoring System\\Software\\V1.01\\Obj\\Monitoring.AXF" 
Load "F:\\Electronic\\Projects\\Under Work\\MRL Monitoring Board\\Monitoring System\\Software\\V1.01\\Obj\\Monitoring.AXF" 
Erase Done.
Programming Done.
Verify OK.
Application running ...
Build target 'Monitornig'
assembling LPC2300.s...
compiling Main.c...
compiling Tab.c...
compiling CAN.c...
compiling initialization.c...
compiling KS0108.c...
compiling KS0108-LPC.c...
compiling spi_lpc23xx_v1_01.c...
compiling tc_ad7843_v1_00.c...
compiling Delay.c...
linking...
Program Size: Code=10064 RO-data=608 RW-data=124 ZI-data=1484  
FromELF: creating hex file...
".\Obj\Monitoring.axf" - 0 Error(s), 0 Warning(s).
Build target 'Monitornig'
assembling LPC2300.s...
compiling Main.c...
compiling Tab.c...
compiling CAN.c...
compiling initialization.c...
compiling KS0108.c...
compiling KS0108-LPC.c...
compiling spi_lpc23xx_v1_01.c...
compiling tc_ad7843_v1_00.c...
compiling Delay.c...
linking...
Program Size: Code=10064 RO-data=608 RW-data=124 ZI-data=1484  
FromELF: creating hex file...
".\Obj\Monitoring.axf" - 0 Error(s), 0 Warning(s).
Load "F:\\Electronic\\Projects\\Under Work\\MRL Monitoring Board\\Monitoring System\\Software\\V1.01\\Obj\\Monitoring.AXF" 
Erase Done.
Programming Done.
Verify OK.
Application running ...
Build target 'Monitornig'
assembling LPC2300.s...
compiling Main.c...
compiling Tab.c...
compiling CAN.c...
compiling initialization.c...
compiling KS0108.c...
compiling KS0108-LPC.c...
compiling spi_lpc23xx_v1_01.c...
compiling tc_ad7843_v1_00.c...
compiling Delay.c...
linking...
Program Size: Code=10064 RO-data=608 RW-data=124 ZI-data=1484  
FromELF: creating hex file...
".\Obj\Monitoring.axf" - 0 Error(s), 0 Warning(s).
Load "F:\\Electronic\\Projects\\Under Work\\MRL Monitoring Board\\Monitoring System\\Software\\V1.01\\Obj\\Monitoring.AXF" 
Erase Done.
Programming Done.
Verify OK.
Application running ...
Build target 'Monitornig'
assembling LPC2300.s...
compiling Main.c...
compiling Tab.c...
compiling CAN.c...
compiling initialization.c...
compiling KS0108.c...
compiling KS0108-LPC.c...
compiling spi_lpc23xx_v1_01.c...
compiling tc_ad7843_v1_00.c...
compiling Delay.c...
linking...
Program Size: Code=10076 RO-data=608 RW-data=124 ZI-data=1484  
FromELF: creating hex file...
".\Obj\Monitoring.axf" - 0 Error(s), 0 Warning(s).
Load "F:\\Electronic\\Projects\\Under Work\\MRL Monitoring Board\\Monitoring System\\Software\\V1.01\\Obj\\Monitoring.AXF" 
Erase Done.
Programming Done.
Verify OK.
Application running ...
Build target 'Monitornig'
assembling LPC2300.s...
compiling Main.c...
compiling Tab.c...
compiling CAN.c...
compiling initialization.c...
compiling KS0108.c...
compiling KS0108-LPC.c...
compiling spi_lpc23xx_v1_01.c...
compiling tc_ad7843_v1_00.c...
compiling Delay.c...
linking...
Program Size: Code=10068 RO-data=608 RW-data=124 ZI-data=1484  
FromELF: creating hex file...
".\Obj\Monitoring.axf" - 0 Error(s), 0 Warning(s).
Load "F:\\Electronic\\Projects\\Under Work\\MRL Monitoring Board\\Monitoring System\\Software\\V1.01\\Obj\\Monitoring.AXF" 
Erase Done.
Programming Done.
Verify OK.
Application running ...
Build target 'Monitornig'
assembling LPC2300.s...
compiling Main.c...
compiling Tab.c...
compiling CAN.c...
compiling initialization.c...
compiling KS0108.c...
compiling KS0108-LPC.c...
compiling spi_lpc23xx_v1_01.c...
compiling tc_ad7843_v1_00.c...
compiling Delay.c...
linking...
Program Size: Code=10068 RO-data=608 RW-data=124 ZI-data=1484  
FromELF: creating hex file...
".\Obj\Monitoring.axf" - 0 Error(s), 0 Warning(s).
Load "F:\\Electronic\\Projects\\Under Work\\MRL Monitoring Board\\Monitoring System\\Software\\V1.01\\Obj\\Monitoring.AXF" 
Erase Done.
Programming Done.
Verify OK.
Application running ...
Build target 'Monitornig'
assembling LPC2300.s...
compiling Main.c...
compiling Tab.c...
compiling CAN.c...
compiling initialization.c...
compiling KS0108.c...
compiling KS0108-LPC.c...
compiling spi_lpc23xx_v1_01.c...
compiling tc_ad7843_v1_00.c...
compiling Delay.c...
linking...
Program Size: Code=10096 RO-data=608 RW-data=136 ZI-data=1480  
FromELF: creating hex file...
".\Obj\Monitoring.axf" - 0 Error(s), 0 Warning(s).
Load "F:\\Electronic\\Projects\\Under Work\\MRL Monitoring Board\\Monitoring System\\Software\\V1.01\\Obj\\Monitoring.AXF" 
Erase Done.
Programming Done.
Verify OK.
Application running ...
Build target 'Monitornig'
assembling LPC2300.s...
compiling Main.c...
compiling Tab.c...
compiling CAN.c...
compiling initialization.c...
compiling KS0108.c...
compiling KS0108-LPC.c...
compiling spi_lpc23xx_v1_01.c...
compiling tc_ad7843_v1_00.c...
compiling Delay.c...
linking...
Program Size: Code=10152 RO-data=608 RW-data=136 ZI-data=1480  
FromELF: creating hex file...
".\Obj\Monitoring.axf" - 0 Error(s), 0 Warning(s).
Load "F:\\Electronic\\Projects\\Under Work\\MRL Monitoring Board\\Monitoring System\\Software\\V1.01\\Obj\\Monitoring.AXF" 
Erase Done.
Programming Done.
Verify OK.
Application running ...
Build target 'Monitornig'
assembling LPC2300.s...
compiling Main.c...
compiling Tab.c...
compiling CAN.c...
compiling initialization.c...
compiling KS0108.c...
compiling KS0108-LPC.c...
compiling spi_lpc23xx_v1_01.c...
compiling tc_ad7843_v1_00.c...
compiling Delay.c...
linking...
Program Size: Code=10144 RO-data=608 RW-data=136 ZI-data=1480  
FromELF: creating hex file...
".\Obj\Monitoring.axf" - 0 Error(s), 0 Warning(s).
Load "F:\\Electronic\\Projects\\Under Work\\MRL Monitoring Board\\Monitoring System\\Software\\V1.01\\Obj\\Monitoring.AXF" 
Erase Done.
Programming Done.
Verify OK.
Application running ...
Load "F:\\Electronic\\Projects\\Under Work\\MRL Monitoring Board\\Monitoring System\\Software\\V1.01\\Obj\\Monitoring.AXF" 
Erase Done.
Programming Done.
Verify OK.
Application running ...
Build target 'Monitornig'
assembling LPC2300.s...
compiling Main.c...
compiling Tab.c...
compiling CAN.c...
compiling initialization.c...
compiling KS0108.c...
compiling KS0108-LPC.c...
compiling spi_lpc23xx_v1_01.c...
compiling tc_ad7843_v1_00.c...
compiling Delay.c...
linking...
Program Size: Code=10144 RO-data=608 RW-data=136 ZI-data=1480  
FromELF: creating hex file...
".\Obj\Monitoring.axf" - 0 Error(s), 0 Warning(s).
Load "F:\\Electronic\\Projects\\Under Work\\MRL Monitoring Board\\Monitoring System\\Software\\V1.01\\Obj\\Monitoring.AXF" 
Erase Done.
Programming Done.
Verify OK.
Application running ...
Build target 'Monitornig'
assembling LPC2300.s...
compiling Main.c...
compiling Tab.c...
compiling CAN.c...
compiling initialization.c...
compiling KS0108.c...
compiling KS0108-LPC.c...
compiling spi_lpc23xx_v1_01.c...
compiling tc_ad7843_v1_00.c...
compiling Delay.c...
linking...
Program Size: Code=10180 RO-data=608 RW-data=136 ZI-data=1480  
FromELF: creating hex file...
".\Obj\Monitoring.axf" - 0 Error(s), 0 Warning(s).
Load "F:\\Electronic\\Projects\\Under Work\\MRL Monitoring Board\\Monitoring System\\Software\\V1.01\\Obj\\Monitoring.AXF" 
Erase Done.
Programming Done.
Verify OK.
Application running ...
Build target 'Monitornig'
assembling LPC2300.s...
compiling Main.c...
compiling Tab.c...
compiling CAN.c...
compiling initialization.c...
compiling KS0108.c...
compiling KS0108-LPC.c...
compiling spi_lpc23xx_v1_01.c...
compiling tc_ad7843_v1_00.c...
compiling Delay.c...
linking...
Program Size: Code=10152 RO-data=608 RW-data=136 ZI-data=1480  
FromELF: creating hex file...
".\Obj\Monitoring.axf" - 0 Error(s), 0 Warning(s).
Load "F:\\Electronic\\Projects\\Under Work\\MRL Monitoring Board\\Monitoring System\\Software\\V1.01\\Obj\\Monitoring.AXF" 
Erase Done.
Programming Done.
Verify OK.
Application running ...
Build target 'Monitornig'
assembling LPC2300.s...
compiling Main.c...
compiling Tab.c...
compiling CAN.c...
compiling initialization.c...
compiling KS0108.c...
compiling KS0108-LPC.c...
compiling spi_lpc23xx_v1_01.c...
compiling tc_ad7843_v1_00.c...
compiling Delay.c...
linking...
Program Size: Code=10172 RO-data=608 RW-data=140 ZI-data=1484  
FromELF: creating hex file...
".\Obj\Monitoring.axf" - 0 Error(s), 0 Warning(s).
Load "F:\\Electronic\\Projects\\Under Work\\MRL Monitoring Board\\Monitoring System\\Software\\V1.01\\Obj\\Monitoring.AXF" 
Erase Done.
Programming Done.
Verify OK.
Application running ...
Build target 'Monitornig'
assembling LPC2300.s...
compiling Main.c...
compiling Tab.c...
Tab.c(250): warning:  #177-D: variable "m" was declared but never referenced
Tab.c:   int m,n,p;
Tab.c:       ^
Tab.c(250): warning:  #177-D: variable "n" was declared but never referenced
Tab.c:   int m,n,p;
Tab.c:         ^
Tab.c(250): warning:  #177-D: variable "p" was declared but never referenced
Tab.c:   int m,n,p;
Tab.c:           ^
Tab.c(252): warning:  #177-D: variable "k" was declared but never referenced
Tab.c:   static int k = 8;
Tab.c:              ^
Tab.c(253): warning:  #177-D: variable "flag" was declared but never referenced
Tab.c:   static int flag;
Tab.c:              ^
Tab.c(457): error:  #20: identifier "KeyPushConter" is undefined
Tab.c:          while ((KeyMem == KeyLastState)&&(KeyPushConter < 300))
Tab.c:                                            ^
Tab.c: Tab.c: 5 warnings, 1 error
compiling CAN.c...
compiling initialization.c...
compiling KS0108.c...
compiling KS0108-LPC.c...
compiling spi_lpc23xx_v1_01.c...
compiling tc_ad7843_v1_00.c...
compiling Delay.c...
Target not created
Build target 'Monitornig'
assembling LPC2300.s...
compiling Main.c...
compiling Tab.c...
Tab.c(250): warning:  #177-D: variable "m" was declared but never referenced
Tab.c:   int m,n,p;
Tab.c:       ^
Tab.c(250): warning:  #177-D: variable "n" was declared but never referenced
Tab.c:   int m,n,p;
Tab.c:         ^
Tab.c(250): warning:  #177-D: variable "p" was declared but never referenced
Tab.c:   int m,n,p;
Tab.c:           ^
Tab.c(252): warning:  #177-D: variable "k" was declared but never referenced
Tab.c:   static int k = 8;
Tab.c:              ^
Tab.c(253): warning:  #177-D: variable "flag" was declared but never referenced
Tab.c:   static int flag;
Tab.c:              ^
Tab.c(461): error:  #20: identifier "KeyPushConter" is undefined
Tab.c:                  KeyPushConter++;
Tab.c:                  ^
Tab.c: Tab.c: 5 warnings, 1 error
compiling CAN.c...
compiling initialization.c...
compiling KS0108.c...
compiling KS0108-LPC.c...
compiling spi_lpc23xx_v1_01.c...
compiling tc_ad7843_v1_00.c...
compiling Delay.c...
Target not created
Build target 'Monitornig'
assembling LPC2300.s...
compiling Main.c...
compiling Tab.c...
Tab.c(250): warning:  #177-D: variable "m" was declared but never referenced
Tab.c:   int m,n,p;
Tab.c:       ^
Tab.c(250): warning:  #177-D: variable "n" was declared but never referenced
Tab.c:   int m,n,p;
Tab.c:         ^
Tab.c(250): warning:  #177-D: variable "p" was declared but never referenced
Tab.c:   int m,n,p;
Tab.c:           ^
Tab.c(252): warning:  #177-D: variable "k" was declared but never referenced
Tab.c:   static int k = 8;
Tab.c:              ^
Tab.c(253): warning:  #177-D: variable "flag" was declared but never referenced
Tab.c:   static int flag;
Tab.c:              ^
Tab.c: Tab.c: 5 warnings, 0 errors
compiling CAN.c...
compiling initialization.c...
compiling KS0108.c...
compiling KS0108-LPC.c...
compiling spi_lpc23xx_v1_01.c...
compiling tc_ad7843_v1_00.c...
compiling Delay.c...
linking...
Program Size: Code=10200 RO-data=608 RW-data=152 ZI-data=1480  
FromELF: creating hex file...
".\Obj\Monitoring.axf" - 0 Error(s), 5 Warning(s).
Load "F:\\Electronic\\Projects\\Under Work\\MRL Monitoring Board\\Monitoring System\\Software\\V1.01\\Obj\\Monitoring.AXF" 
Erase Done.
Programming Done.
Verify OK.
Application running ...
Build target 'Monitornig'
assembling LPC2300.s...
compiling Main.c...
compiling Tab.c...
Tab.c(288): error:  #65: expected a ";"
Tab.c:          if (m)
Tab.c:          ^
Tab.c(306): warning:  #12-D: parsing restarts here after previous syntax error
Tab.c:          Main_Page(0,0,0,0);
Tab.c:                            ^
Tab.c(250): warning:  #550-D: variable "m" was set but never used
Tab.c:   int m,n,p;
Tab.c:       ^
Tab.c(250): warning:  #177-D: variable "n" was declared but never referenced
Tab.c:   int m,n,p;
Tab.c:         ^
Tab.c(250): warning:  #177-D: variable "p" was declared but never referenced
Tab.c:   int m,n,p;
Tab.c:           ^
Tab.c(251): warning:  #177-D: variable "b" was declared but never referenced
Tab.c:   char b[20];
Tab.c:        ^
Tab.c(252): warning:  #177-D: variable "k" was declared but never referenced
Tab.c:   static int k = 8;
Tab.c:              ^
Tab.c(253): warning:  #177-D: variable "flag" was declared but never referenced
Tab.c:   static int flag;
Tab.c:              ^
Tab.c: Tab.c: 7 warnings, 1 error
compiling CAN.c...
compiling initialization.c...
compiling KS0108.c...
compiling KS0108-LPC.c...
compiling spi_lpc23xx_v1_01.c...
compiling tc_ad7843_v1_00.c...
compiling Delay.c...
Target not created
Load "F:\\Electronic\\Projects\\Under Work\\MRL Monitoring Board\\Monitoring System\\Software\\V1.01\\Obj\\Monitoring.AXF" 
_____^
*** error 56: cant open file
Build target 'Monitornig'
assembling LPC2300.s...
compiling Main.c...
compiling Tab.c...
Tab.c(288): error:  #65: expected a ";"
Tab.c:          if (m)
Tab.c:          ^
Tab.c(306): warning:  #12-D: parsing restarts here after previous syntax error
Tab.c:          Main_Page(0,0,0,0);
Tab.c:                            ^
Tab.c(250): warning:  #550-D: variable "m" was set but never used
Tab.c:   int m,n,p;
Tab.c:       ^
Tab.c(250): warning:  #177-D: variable "n" was declared but never referenced
Tab.c:   int m,n,p;
Tab.c:         ^
Tab.c(250): warning:  #177-D: variable "p" was declared but never referenced
Tab.c:   int m,n,p;
Tab.c:           ^
Tab.c(251): warning:  #177-D: variable "b" was declared but never referenced
Tab.c:   char b[20];
Tab.c:        ^
Tab.c(252): warning:  #177-D: variable "k" was declared but never referenced
Tab.c:   static int k = 8;
Tab.c:              ^
Tab.c(253): warning:  #177-D: variable "flag" was declared but never referenced
Tab.c:   static int flag;
Tab.c:              ^
Tab.c: Tab.c: 7 warnings, 1 error
compiling CAN.c...
compiling initialization.c...
compiling KS0108.c...
compiling KS0108-LPC.c...
compiling spi_lpc23xx_v1_01.c...
compiling tc_ad7843_v1_00.c...
compiling Delay.c...
Target not created
Build target 'Monitornig'
assembling LPC2300.s...
compiling Main.c...
compiling Tab.c...
Tab.c(250): warning:  #177-D: variable "n" was declared but never referenced
Tab.c:   int m,n,p;
Tab.c:         ^
Tab.c(250): warning:  #177-D: variable "p" was declared but never referenced
Tab.c:   int m,n,p;
Tab.c:           ^
Tab.c(252): warning:  #177-D: variable "k" was declared but never referenced
Tab.c:   static int k = 8;
Tab.c:              ^
Tab.c(253): warning:  #177-D: variable "flag" was declared but never referenced
Tab.c:   static int flag;
Tab.c:              ^
Tab.c: Tab.c: 4 warnings, 0 errors
compiling CAN.c...
compiling initialization.c...
compiling KS0108.c...
compiling KS0108-LPC.c...
compiling spi_lpc23xx_v1_01.c...
compiling tc_ad7843_v1_00.c...
compiling Delay.c...
linking...
Program Size: Code=10216 RO-data=608 RW-data=152 ZI-data=1480  
FromELF: creating hex file...
".\Obj\Monitoring.axf" - 0 Error(s), 4 Warning(s).
Load "F:\\Electronic\\Projects\\Under Work\\MRL Monitoring Board\\Monitoring System\\Software\\V1.01\\Obj\\Monitoring.AXF" 
Erase Done.
Programming Done.
Verify OK.
Application running ...
Build target 'Monitornig'
assembling LPC2300.s...
compiling Main.c...
compiling Tab.c...
Tab.c(250): warning:  #177-D: variable "n" was declared but never referenced
Tab.c:   int m,n,p;
Tab.c:         ^
Tab.c(250): warning:  #177-D: variable "p" was declared but never referenced
Tab.c:   int m,n,p;
Tab.c:           ^
Tab.c(252): warning:  #177-D: variable "k" was declared but never referenced
Tab.c:   static int k = 8;
Tab.c:              ^
Tab.c(253): warning:  #177-D: variable "flag" was declared but never referenced
Tab.c:   static int flag;
Tab.c:              ^
Tab.c: Tab.c: 4 warnings, 0 errors
compiling CAN.c...
compiling initialization.c...
compiling KS0108.c...
compiling KS0108-LPC.c...
compiling spi_lpc23xx_v1_01.c...
compiling tc_ad7843_v1_00.c...
compiling Delay.c...
linking...
Program Size: Code=10216 RO-data=608 RW-data=152 ZI-data=1480  
FromELF: creating hex file...
".\Obj\Monitoring.axf" - 0 Error(s), 4 Warning(s).
Load "F:\\Electronic\\Projects\\Under Work\\MRL Monitoring Board\\Monitoring System\\Software\\V1.01\\Obj\\Monitoring.AXF" 
Erase Done.
Programming Done.
Verify OK.
Application running ...
Build target 'Monitornig'
assembling LPC2300.s...
compiling Main.c...
compiling Tab.c...
Tab.c(250): warning:  #177-D: variable "n" was declared but never referenced
Tab.c:   int m,n,p;
Tab.c:         ^
Tab.c(250): warning:  #177-D: variable "p" was declared but never referenced
Tab.c:   int m,n,p;
Tab.c:           ^
Tab.c(252): warning:  #177-D: variable "k" was declared but never referenced
Tab.c:   static int k = 8;
Tab.c:              ^
Tab.c(253): warning:  #177-D: variable "flag" was declared but never referenced
Tab.c:   static int flag;
Tab.c:              ^
Tab.c: Tab.c: 4 warnings, 0 errors
compiling CAN.c...
compiling initialization.c...
compiling KS0108.c...
compiling KS0108-LPC.c...
compiling spi_lpc23xx_v1_01.c...
compiling tc_ad7843_v1_00.c...
compiling Delay.c...
linking...
Program Size: Code=10216 RO-data=608 RW-data=152 ZI-data=1480  
FromELF: creating hex file...
".\Obj\Monitoring.axf" - 0 Error(s), 4 Warning(s).
Load "F:\\Electronic\\Projects\\Under Work\\MRL Monitoring Board\\Monitoring System\\Software\\V1.01\\Obj\\Monitoring.AXF" 
Erase Done.
Programming Done.
Verify OK.
Application running ...
Build target 'Monitornig'
assembling LPC2300.s...
compiling Main.c...
compiling Tab.c...
Tab.c(250): warning:  #177-D: variable "n" was declared but never referenced
Tab.c:   int m,n,p;
Tab.c:         ^
Tab.c(250): warning:  #177-D: variable "p" was declared but never referenced
Tab.c:   int m,n,p;
Tab.c:           ^
Tab.c(252): warning:  #177-D: variable "k" was declared but never referenced
Tab.c:   static int k = 8;
Tab.c:              ^
Tab.c(253): warning:  #177-D: variable "flag" was declared but never referenced
Tab.c:   static int flag;
Tab.c:              ^
Tab.c(463): warning:  #223-D: function "BackLigh" declared implicitly
Tab.c:                  BackLigh(0);
Tab.c:                  ^
Tab.c: Tab.c: 5 warnings, 0 errors
compiling CAN.c...
compiling initialization.c...
compiling KS0108.c...
compiling KS0108-LPC.c...
compiling spi_lpc23xx_v1_01.c...
compiling tc_ad7843_v1_00.c...
compiling Delay.c...
linking...
.\Obj\Monitoring.axf: Error: L6218E: Undefined symbol BackLigh (referred from tab.o).
.\Obj\Monitoring.axf: Not enough information to list image symbols.
.\Obj\Monitoring.axf: Finished: 1 information, 0 warning and 1 error messages.
Target not created
Load "F:\\Electronic\\Projects\\Under Work\\MRL Monitoring Board\\Monitoring System\\Software\\V1.01\\Obj\\Monitoring.AXF" 
_____^
*** error 56: cant open file
Build target 'Monitornig'
assembling LPC2300.s...
compiling Main.c...
compiling Tab.c...
Tab.c(250): warning:  #177-D: variable "n" was declared but never referenced
Tab.c:   int m,n,p;
Tab.c:         ^
Tab.c(250): warning:  #177-D: variable "p" was declared but never referenced
Tab.c:   int m,n,p;
Tab.c:           ^
Tab.c(252): warning:  #177-D: variable "k" was declared but never referenced
Tab.c:   static int k = 8;
Tab.c:              ^
Tab.c(253): warning:  #177-D: variable "flag" was declared but never referenced
Tab.c:   static int flag;
Tab.c:              ^
Tab.c: Tab.c: 4 warnings, 0 errors
compiling CAN.c...
compiling initialization.c...
compiling KS0108.c...
compiling KS0108-LPC.c...
compiling spi_lpc23xx_v1_01.c...
compiling tc_ad7843_v1_00.c...
compiling Delay.c...
linking...
Program Size: Code=10224 RO-data=608 RW-data=152 ZI-data=1480  
FromELF: creating hex file...
".\Obj\Monitoring.axf" - 0 Error(s), 4 Warning(s).
Load "F:\\Electronic\\Projects\\Under Work\\MRL Monitoring Board\\Monitoring System\\Software\\V1.01\\Obj\\Monitoring.AXF" 
Erase Done.
Programming Done.
Verify OK.
Application running ...
Build target 'Monitornig'
assembling LPC2300.s...
compiling Main.c...
compiling Tab.c...
Tab.c(250): warning:  #177-D: variable "n" was declared but never referenced
Tab.c:   int m,n,p;
Tab.c:         ^
Tab.c(250): warning:  #177-D: variable "p" was declared but never referenced
Tab.c:   int m,n,p;
Tab.c:           ^
Tab.c(252): warning:  #177-D: variable "k" was declared but never referenced
Tab.c:   static int k = 8;
Tab.c:              ^
Tab.c(253): warning:  #177-D: variable "flag" was declared but never referenced
Tab.c:   static int flag;
Tab.c:              ^
Tab.c(458): warning:  #111-D: statement is unreachable
Tab.c:   KeyMem = Button();
Tab.c:   ^
Tab.c: Tab.c: 5 warnings, 0 errors
compiling CAN.c...
compiling initialization.c...
compiling KS0108.c...
compiling KS0108-LPC.c...
compiling spi_lpc23xx_v1_01.c...
compiling tc_ad7843_v1_00.c...
compiling Delay.c...
linking...
Program Size: Code=9976 RO-data=608 RW-data=124 ZI-data=1484  
FromELF: creating hex file...
".\Obj\Monitoring.axf" - 0 Error(s), 5 Warning(s).
Load "F:\\Electronic\\Projects\\Under Work\\MRL Monitoring Board\\Monitoring System\\Software\\V1.01\\Obj\\Monitoring.AXF" 
Erase Done.
Programming Done.
Verify OK.
Application running ...
Build target 'Monitornig'
assembling LPC2300.s...
compiling Main.c...
compiling Tab.c...
Tab.c(250): warning:  #177-D: variable "n" was declared but never referenced
Tab.c:   int m,n,p;
Tab.c:         ^
Tab.c(250): warning:  #177-D: variable "p" was declared but never referenced
Tab.c:   int m,n,p;
Tab.c:           ^
Tab.c(252): warning:  #177-D: variable "k" was declared but never referenced
Tab.c:   static int k = 8;
Tab.c:              ^
Tab.c(253): warning:  #177-D: variable "flag" was declared but never referenced
Tab.c:   static int flag;
Tab.c:              ^
Tab.c: Tab.c: 4 warnings, 0 errors
compiling CAN.c...
compiling initialization.c...
compiling KS0108.c...
compiling KS0108-LPC.c...
compiling spi_lpc23xx_v1_01.c...
compiling tc_ad7843_v1_00.c...
compiling Delay.c...
linking...
Program Size: Code=10196 RO-data=608 RW-data=152 ZI-data=1480  
FromELF: creating hex file...
".\Obj\Monitoring.axf" - 0 Error(s), 4 Warning(s).
Load "F:\\Electronic\\Projects\\Under Work\\MRL Monitoring Board\\Monitoring System\\Software\\V1.01\\Obj\\Monitoring.AXF" 
Erase Done.
Programming Done.
Verify OK.
Application running ...
Build target 'Monitornig'
assembling LPC2300.s...
compiling Main.c...
compiling Tab.c...
Tab.c(250): warning:  #177-D: variable "n" was declared but never referenced
Tab.c:   int m,n,p;
Tab.c:         ^
Tab.c(250): warning:  #177-D: variable "p" was declared but never referenced
Tab.c:   int m,n,p;
Tab.c:           ^
Tab.c(252): warning:  #177-D: variable "k" was declared but never referenced
Tab.c:   static int k = 8;
Tab.c:              ^
Tab.c(253): warning:  #177-D: variable "flag" was declared but never referenced
Tab.c:   static int flag;
Tab.c:              ^
Tab.c: Tab.c: 4 warnings, 0 errors
compiling CAN.c...
compiling initialization.c...
compiling KS0108.c...
compiling KS0108-LPC.c...
compiling spi_lpc23xx_v1_01.c...
compiling tc_ad7843_v1_00.c...
compiling Delay.c...
linking...
Program Size: Code=10196 RO-data=608 RW-data=152 ZI-data=1480  
FromELF: creating hex file...
".\Obj\Monitoring.axf" - 0 Error(s), 4 Warning(s).
Load "F:\\Electronic\\Projects\\Under Work\\MRL Monitoring Board\\Monitoring System\\Software\\V1.01\\Obj\\Monitoring.AXF" 
Erase Done.
Programming Done.
Verify OK.
Application running ...
Build target 'Monitornig'
assembling LPC2300.s...
compiling Main.c...
compiling Tab.c...
Tab.c(250): warning:  #177-D: variable "n" was declared but never referenced
Tab.c:   int m,n,p;
Tab.c:         ^
Tab.c(250): warning:  #177-D: variable "p" was declared but never referenced
Tab.c:   int m,n,p;
Tab.c:           ^
Tab.c(252): warning:  #177-D: variable "k" was declared but never referenced
Tab.c:   static int k = 8;
Tab.c:              ^
Tab.c(253): warning:  #177-D: variable "flag" was declared but never referenced
Tab.c:   static int flag;
Tab.c:              ^
Tab.c: Tab.c: 4 warnings, 0 errors
compiling CAN.c...
compiling initialization.c...
compiling KS0108.c...
compiling KS0108-LPC.c...
compiling spi_lpc23xx_v1_01.c...
compiling tc_ad7843_v1_00.c...
compiling Delay.c...
linking...
Program Size: Code=10188 RO-data=608 RW-data=152 ZI-data=1480  
FromELF: creating hex file...
".\Obj\Monitoring.axf" - 0 Error(s), 4 Warning(s).
Load "F:\\Electronic\\Projects\\Under Work\\MRL Monitoring Board\\Monitoring System\\Software\\V1.01\\Obj\\Monitoring.AXF" 
Erase Done.
Programming Done.
Verify OK.
Application running ...
Build target 'Monitornig'
assembling LPC2300.s...
compiling Main.c...
compiling Tab.c...
Tab.c(250): warning:  #177-D: variable "n" was declared but never referenced
Tab.c:   int m,n,p;
Tab.c:         ^
Tab.c(250): warning:  #177-D: variable "p" was declared but never referenced
Tab.c:   int m,n,p;
Tab.c:           ^
Tab.c(252): warning:  #177-D: variable "k" was declared but never referenced
Tab.c:   static int k = 8;
Tab.c:              ^
Tab.c(253): warning:  #177-D: variable "flag" was declared but never referenced
Tab.c:   static int flag;
Tab.c:              ^
Tab.c: Tab.c: 4 warnings, 0 errors
compiling CAN.c...
compiling initialization.c...
compiling KS0108.c...
compiling KS0108-LPC.c...
compiling spi_lpc23xx_v1_01.c...
compiling tc_ad7843_v1_00.c...
compiling Delay.c...
linking...
Program Size: Code=10188 RO-data=608 RW-data=152 ZI-data=1480  
FromELF: creating hex file...
".\Obj\Monitoring.axf" - 0 Error(s), 4 Warning(s).
Load "F:\\Electronic\\Projects\\Under Work\\MRL Monitoring Board\\Monitoring System\\Software\\V1.01\\Obj\\Monitoring.AXF" 
Erase Done.
Programming Done.
Verify OK.
Application running ...
Build target 'Monitornig'
assembling LPC2300.s...
compiling Main.c...
compiling Tab.c...
Tab.c(250): warning:  #177-D: variable "n" was declared but never referenced
Tab.c:   int m,n,p;
Tab.c:         ^
Tab.c(250): warning:  #177-D: variable "p" was declared but never referenced
Tab.c:   int m,n,p;
Tab.c:           ^
Tab.c(252): warning:  #177-D: variable "k" was declared but never referenced
Tab.c:   static int k = 8;
Tab.c:              ^
Tab.c(253): warning:  #177-D: variable "flag" was declared but never referenced
Tab.c:   static int flag;
Tab.c:              ^
Tab.c: Tab.c: 4 warnings, 0 errors
compiling CAN.c...
compiling initialization.c...
compiling KS0108.c...
compiling KS0108-LPC.c...
compiling spi_lpc23xx_v1_01.c...
compiling tc_ad7843_v1_00.c...
compiling Delay.c...
linking...
Program Size: Code=10208 RO-data=608 RW-data=152 ZI-data=1480  
FromELF: creating hex file...
".\Obj\Monitoring.axf" - 0 Error(s), 4 Warning(s).
Load "F:\\Electronic\\Projects\\Under Work\\MRL Monitoring Board\\Monitoring System\\Software\\V1.01\\Obj\\Monitoring.AXF" 
Erase Done.
Programming Done.
Verify OK.
Application running ...
Build target 'Monitornig'
assembling LPC2300.s...
compiling Main.c...
compiling Tab.c...
Tab.c(250): warning:  #177-D: variable "n" was declared but never referenced
Tab.c:   int m,n,p;
Tab.c:         ^
Tab.c(250): warning:  #177-D: variable "p" was declared but never referenced
Tab.c:   int m,n,p;
Tab.c:           ^
Tab.c(252): warning:  #177-D: variable "k" was declared but never referenced
Tab.c:   static int k = 8;
Tab.c:              ^
Tab.c(253): warning:  #177-D: variable "flag" was declared but never referenced
Tab.c:   static int flag;
Tab.c:              ^
Tab.c: Tab.c: 4 warnings, 0 errors
compiling CAN.c...
compiling initialization.c...
compiling KS0108.c...
compiling KS0108-LPC.c...
compiling spi_lpc23xx_v1_01.c...
compiling tc_ad7843_v1_00.c...
compiling Delay.c...
linking...
Program Size: Code=10188 RO-data=608 RW-data=152 ZI-data=1480  
FromELF: creating hex file...
".\Obj\Monitoring.axf" - 0 Error(s), 4 Warning(s).
Load "F:\\Electronic\\Projects\\Under Work\\MRL Monitoring Board\\Monitoring System\\Software\\V1.01\\Obj\\Monitoring.AXF" 
Erase Done.
Programming Done.
Verify OK.
Application running ...
Build target 'Monitornig'
assembling LPC2300.s...
compiling Main.c...
compiling Tab.c...
Tab.c(250): warning:  #177-D: variable "n" was declared but never referenced
Tab.c:   int m,n,p;
Tab.c:         ^
Tab.c(250): warning:  #177-D: variable "p" was declared but never referenced
Tab.c:   int m,n,p;
Tab.c:           ^
Tab.c(252): warning:  #177-D: variable "k" was declared but never referenced
Tab.c:   static int k = 8;
Tab.c:              ^
Tab.c(253): warning:  #177-D: variable "flag" was declared but never referenced
Tab.c:   static int flag;
Tab.c:              ^
Tab.c: Tab.c: 4 warnings, 0 errors
compiling CAN.c...
compiling initialization.c...
compiling KS0108.c...
compiling KS0108-LPC.c...
compiling spi_lpc23xx_v1_01.c...
compiling tc_ad7843_v1_00.c...
compiling Delay.c...
linking...
Program Size: Code=10188 RO-data=608 RW-data=152 ZI-data=1480  
FromELF: creating hex file...
".\Obj\Monitoring.axf" - 0 Error(s), 4 Warning(s).
Load "F:\\Electronic\\Projects\\Under Work\\MRL Monitoring Board\\Monitoring System\\Software\\V1.01\\Obj\\Monitoring.AXF" 
Erase Done.
Programming Done.
Verify OK.
Application running ...
Build target 'Monitornig'
assembling LPC2300.s...
compiling Main.c...
compiling Tab.c...
Tab.c(250): warning:  #177-D: variable "n" was declared but never referenced
Tab.c:   int m,n,p;
Tab.c:         ^
Tab.c(250): warning:  #177-D: variable "p" was declared but never referenced
Tab.c:   int m,n,p;
Tab.c:           ^
Tab.c(252): warning:  #177-D: variable "k" was declared but never referenced
Tab.c:   static int k = 8;
Tab.c:              ^
Tab.c(253): warning:  #177-D: variable "flag" was declared but never referenced
Tab.c:   static int flag;
Tab.c:              ^
Tab.c: Tab.c: 4 warnings, 0 errors
compiling CAN.c...
compiling initialization.c...
compiling KS0108.c...
compiling KS0108-LPC.c...
compiling spi_lpc23xx_v1_01.c...
compiling tc_ad7843_v1_00.c...
compiling Delay.c...
linking...
Program Size: Code=10216 RO-data=608 RW-data=152 ZI-data=1480  
FromELF: creating hex file...
".\Obj\Monitoring.axf" - 0 Error(s), 4 Warning(s).
Load "F:\\Electronic\\Projects\\Under Work\\MRL Monitoring Board\\Monitoring System\\Software\\V1.01\\Obj\\Monitoring.AXF" 
Erase Done.
Programming Done.
Verify OK.
Application running ...
Build target 'Monitornig'
assembling LPC2300.s...
compiling Main.c...
compiling Tab.c...
Tab.c(250): warning:  #177-D: variable "n" was declared but never referenced
Tab.c:   int m,n,p;
Tab.c:         ^
Tab.c(250): warning:  #177-D: variable "p" was declared but never referenced
Tab.c:   int m,n,p;
Tab.c:           ^
Tab.c(252): warning:  #177-D: variable "k" was declared but never referenced
Tab.c:   static int k = 8;
Tab.c:              ^
Tab.c(253): warning:  #177-D: variable "flag" was declared but never referenced
Tab.c:   static int flag;
Tab.c:              ^
Tab.c: Tab.c: 4 warnings, 0 errors
compiling CAN.c...
compiling initialization.c...
compiling KS0108.c...
compiling KS0108-LPC.c...
compiling spi_lpc23xx_v1_01.c...
compiling tc_ad7843_v1_00.c...
compiling Delay.c...
linking...
Program Size: Code=10216 RO-data=608 RW-data=152 ZI-data=1480  
FromELF: creating hex file...
".\Obj\Monitoring.axf" - 0 Error(s), 4 Warning(s).
Load "F:\\Electronic\\Projects\\Under Work\\MRL Monitoring Board\\Monitoring System\\Software\\V1.01\\Obj\\Monitoring.AXF" 
Erase Done.
Programming Done.
Verify OK.
Application running ...
Build target 'Monitornig'
assembling LPC2300.s...
compiling Main.c...
compiling Tab.c...
Tab.c(251): warning:  #177-D: variable "b" was declared but never referenced
Tab.c:   char b[20];
Tab.c:        ^
Tab.c: Tab.c: 1 warning, 0 errors
compiling CAN.c...
compiling initialization.c...
compiling KS0108.c...
compiling KS0108-LPC.c...
compiling spi_lpc23xx_v1_01.c...
compiling tc_ad7843_v1_00.c...
compiling Delay.c...
linking...
Program Size: Code=10372 RO-data=608 RW-data=152 ZI-data=1480  
FromELF: creating hex file...
".\Obj\Monitoring.axf" - 0 Error(s), 1 Warning(s).
Build target 'Monitornig'
assembling LPC2300.s...
compiling Main.c...
compiling Tab.c...
compiling CAN.c...
compiling initialization.c...
compiling KS0108.c...
compiling KS0108-LPC.c...
compiling spi_lpc23xx_v1_01.c...
compiling tc_ad7843_v1_00.c...
compiling Delay.c...
linking...
Program Size: Code=10372 RO-data=608 RW-data=152 ZI-data=1480  
FromELF: creating hex file...
".\Obj\Monitoring.axf" - 0 Error(s), 0 Warning(s).
Load "F:\\Electronic\\Projects\\Under Work\\MRL Monitoring Board\\Monitoring System\\Software\\V1.01\\Obj\\Monitoring.AXF" 
Erase Done.
Programming Done.
Verify OK.
Application running ...
Build target 'Monitornig'
assembling LPC2300.s...
compiling Main.c...
compiling Tab.c...
compiling CAN.c...
compiling initialization.c...
compiling KS0108.c...
compiling KS0108-LPC.c...
compiling spi_lpc23xx_v1_01.c...
compiling tc_ad7843_v1_00.c...
compiling Delay.c...
linking...
Program Size: Code=10344 RO-data=608 RW-data=152 ZI-data=1480  
FromELF: creating hex file...
".\Obj\Monitoring.axf" - 0 Error(s), 0 Warning(s).
Load "F:\\Electronic\\Projects\\Under Work\\MRL Monitoring Board\\Monitoring System\\Software\\V1.01\\Obj\\Monitoring.AXF" 
Erase Done.
Programming Done.
Verify OK.
Application running ...
