<html>
<body>
<pre>
<h1>µVision Build Log</h1>
<h2>Project:</h2>
D:\Project\Monitoring System\Software\V1.0\MonitoringSys.uvproj
Project File Date:  02/23/2011

<h2>Output:</h2>
Build target 'Monitoring System'
compiling Main.c...
compiling initialization.c...
initialization.c(43): warning:  #177-D: variable "i" was declared but never referenced
compiling Retarget.c...
linking...
Program Size: Code=15816 RO-data=328 RW-data=68 ZI-data=7708  
".\Obj\SD_File.axf" - 0 Error(s), 1 Warning(s).
Build target 'Monitoring System'
compiling Main.c...
compiling Getline.c...
compiling initialization.c...
initialization.c(43): warning:  #177-D: variable "i" was declared but never referenced
assembling LPC2300.s...
compiling File_Config.c...
compiling MCI_LPC23xx.c...
compiling Retarget.c...
compiling CAN.c...
compiling KS0108.c...
compiling KS0108-LPC.c...
compiling tc_ad7843_v1_00.c...
compiling spi_lpc23xx_v1_01.c...
linking...
.\Obj\SD_File.axf: Error: L6218E: Undefined symbol getkey (referred from getline.o).
.\Obj\SD_File.axf: Error: L6218E: Undefined symbol sendchar (referred from retarget.o).
Target not created
Clean started: Project: 'MonitoringSys'
   deleting intermediate output files for target 'Monitoring System'
   deleting intermediate output files for target 'Monitoring System RT_Agent'
Build target 'Monitoring System'
compiling Main.c...
compiling Getline.c...
compiling initialization.c...
initialization.c(43): warning:  #177-D: variable "i" was declared but never referenced
assembling LPC2300.s...
compiling File_Config.c...
compiling MCI_LPC23xx.c...
compiling Retarget.c...
compiling CAN.c...
compiling KS0108.c...
compiling KS0108-LPC.c...
compiling tc_ad7843_v1_00.c...
compiling spi_lpc23xx_v1_01.c...
linking...
.\Obj\SD_File.axf: Error: L6218E: Undefined symbol getkey (referred from getline.o).
.\Obj\SD_File.axf: Error: L6218E: Undefined symbol sendchar (referred from retarget.o).
Target not created
Build target 'Monitoring System'
compiling Main.c...
compiling Getline.c...
compiling initialization.c...
initialization.c(43): warning:  #177-D: variable "i" was declared but never referenced
assembling LPC2300.s...
compiling File_Config.c...
compiling MCI_LPC23xx.c...
compiling Retarget.c...
compiling Serial.c...
compiling CAN.c...
compiling KS0108.c...
compiling KS0108-LPC.c...
compiling tc_ad7843_v1_00.c...
compiling spi_lpc23xx_v1_01.c...
linking...
Program Size: Code=15828 RO-data=328 RW-data=68 ZI-data=7708  
".\Obj\SD_File.axf" - 0 Error(s), 1 Warning(s).
